when refreshed while onboarding biometrics is lost.
ī